src/App.tsx(233,66): error TS2322: Type '"easeInOut" | "expoIn"' is not assignable to type 'Easing | Easing[] | undefined'.
  Type '"expoIn"' is not assignable to type 'Easing | Easing[] | undefined'.
src/App.tsx(304,21): error TS2322: Type '(el: HTMLVideoElement | null) => HTMLVideoElement | null' is not assignable to type 'Ref<HTMLVideoElement> | undefined'.
  Type '(el: HTMLVideoElement | null) => HTMLVideoElement | null' is not assignable to type '(instance: HTMLVideoElement | null) => void | (() => VoidOrUndefinedOnly)'.
    Type 'HTMLVideoElement | null' is not assignable to type 'void | (() => VoidOrUndefinedOnly)'.
      Type 'null' is not assignable to type 'void | (() => VoidOrUndefinedOnly)'.
src/components/CursorInstrument.tsx(22,22): error TS2554: Expected 1 arguments, but got 0.
src/components/ElectricText.tsx(3,18): error TS6133: 'useAnimation' is declared but its value is never read.
src/components/ElectricText.tsx(15,10): error TS6133: 'sparkPos' is declared but its value is never read.
src/components/WarpTunnel.tsx(50,21): error TS2322: Type '"expoIn"' is not assignable to type 'Easing | Easing[] | undefined'.
src/pages/apps/VoiceCommanderPro.tsx(1,8): error TS6133: 'React' is declared but its value is never read.
src/pages/AppStore.tsx(1,8): error TS6133: 'React' is declared but its value is never read.
src/pages/AppStore.tsx(1,27): error TS6133: 'useEffect' is declared but its value is never read.
src/services/gemini.ts(23,21): error TS2345: Argument of type 'string | undefined' is not assignable to parameter of type 'string'.
  Type 'undefined' is not assignable to type 'string'.
